src/app/(admin)/admin/dashboard/page.tsx(104,22): error TS2339: Property 'data' does not exist on type '{ type: string; status: string; user: string; id: string; timestamp: string; }'.
src/app/(admin)/admin/dashboard/page.tsx(105,40): error TS2339: Property 'data' does not exist on type '{ type: string; status: string; user: string; id: string; timestamp: string; }'.
